19:43:47 **** Incremental Build of configuration Debug for project MCAL_AFIO ****
make all 
Building file: ../src/AFIO_program.c
Invoking: Cross ARM GNU C Compiler
arm-none-eabi-gcc -mcpu=cortex-m3 -mthumb -Og -fmessage-length=0 -fsigned-char -ffunction-sections -fdata-sections -ffreestanding -fno-move-loop-invariants -Wall -Wextra  -g3 -DDEBUG -DUSE_FULL_ASSERT -DSTM32F10X_MD -DUSE_STDPERIPH_DRIVER -DHSE_VALUE=8000000 -I"../include" -I"../system/include" -I"../system/include/cmsis" -I"../system/include/stm32f1-stdperiph" -std=gnu11 -MMD -MP -MF"src/AFIO_program.d" -MT"src/AFIO_program.o" -c -o "src/AFIO_program.o" "../src/AFIO_program.c"
Finished building: ../src/AFIO_program.c
 
Building target: MCAL_AFIO.elf
Invoking: Cross ARM GNU C++ Linker
arm-none-eabi-g++ -mcpu=cortex-m3 -mthumb -Og -fmessage-length=0 -fsigned-char -ffunction-sections -fdata-sections -ffreestanding -fno-move-loop-invariants -Wall -Wextra  -g3 -T mem.ld -T libs.ld -T sections.ld -nostartfiles -Xlinker --gc-sections -L"../ldscripts" -Wl,-Map,"MCAL_AFIO.map" --specs=nano.specs -o "MCAL_AFIO.elf"  ./system/src/stm32f1-stdperiph/misc.o ./system/src/stm32f1-stdperiph/stm32f10x_gpio.o ./system/src/stm32f1-stdperiph/stm32f10x_rcc.o  ./system/src/newlib/_cxx.o ./system/src/newlib/_exit.o ./system/src/newlib/_sbrk.o ./system/src/newlib/_startup.o ./system/src/newlib/_syscalls.o ./system/src/newlib/assert.o  ./system/src/diag/Trace.o ./system/src/diag/trace_impl.o  ./system/src/cortexm/_initialize_hardware.o ./system/src/cortexm/_reset_hardware.o ./system/src/cortexm/exception_handlers.o  ./system/src/cmsis/system_stm32f10x.o ./system/src/cmsis/vectors_stm32f10x.o  ./src/AFIO_program.o ./src/EXTI_program.o ./src/GPIO_prgram.o ./src/NVIC_program.o ./src/RCC_program.o ./src/main.o   
Finished building target: MCAL_AFIO.elf
 
Invoking: Cross ARM GNU Create Flash Image
arm-none-eabi-objcopy -O ihex "MCAL_AFIO.elf"  "MCAL_AFIO.hex"
Finished building: MCAL_AFIO.hex
 
Invoking: Cross ARM GNU Print Size
arm-none-eabi-size --format=berkeley "MCAL_AFIO.elf"
   text	   data	    bss	    dec	    hex	filename
   1556	     76	    268	   1900	    76c	MCAL_AFIO.elf
Finished building: MCAL_AFIO.siz
 

19:43:48 Build Finished (took 1s.256ms)

